     1	./gccbin/scimark2: Mach-O 64-bit executable x86_64	      |	./newbin/scimark2: Mach-O executable i386
    28	Composite Score:         1648.67			      |	Composite Score:         2953.25
    29	FFT             Mflops:  1361.40    (N=1024)		      |	FFT             Mflops:  1664.50    (N=1024)
    30	SOR             Mflops:  1629.18    (100 x 100)		      |	SOR             Mflops:  1525.19    (100 x 100)
    31	MonteCarlo:     Mflops:   470.31			      |	MonteCarlo:     Mflops:   965.82
    32	Sparse matmult  Mflops:  1771.65    (N=1000, nz=5000)	      |	Sparse matmult  Mflops:  7675.28    (N=1000, nz=5000)
    33	LU              Mflops:  3010.82    (M=100, N=100)	      |	LU              Mflops:  2935.47    (M=100, N=100)
    34		Command being timed: "./gccbin/scimark2"	      |		Command being timed: "./newbin/scimark2"
    35		User time (seconds): 27.17			      |		User time (seconds): 26.55
    36		System time (seconds): 0.43			      |		System time (seconds): 0.29
    38		Elapsed (wall clock) time (h:mm:ss or m:ss): 0:27.80  |		Elapsed (wall clock) time (h:mm:ss or m:ss): 0:27.03
    43		Maximum resident set size (kbytes): 9076736	      |		Maximum resident set size (kbytes): 3751936
    45		Major (requiring I/O) page faults: 0		      |		Major (requiring I/O) page faults: 1
    46		Minor (reclaiming a frame) page faults: 796	      |		Minor (reclaiming a frame) page faults: 475
    48		Involuntary context switches: 59135		      |		Involuntary context switches: 47324
    62	Composite Score:         1156.95			      |	Composite Score:         3155.42
    63	FFT             Mflops:   224.02    (N=1048576)		      |	FFT             Mflops:   232.08    (N=1048576)
    64	SOR             Mflops:  1467.02    (1000 x 1000)	      |	SOR             Mflops:  1402.10    (1000 x 1000)
    65	MonteCarlo:     Mflops:   466.52			      |	MonteCarlo:     Mflops:   983.25
    66	Sparse matmult  Mflops:  1531.32    (N=100000, nz=1000000)    |	Sparse matmult  Mflops: 10780.28    (N=100000, nz=1000000)
    67	LU              Mflops:  2095.85    (M=1000, N=1000)	      |	LU              Mflops:  2379.41    (M=1000, N=1000)
    68		Command being timed: "./gccbin/scimark2 -large"	      |		Command being timed: "./newbin/scimark2 -large"
    69		User time (seconds): 25.62			      |		User time (seconds): 25.46
    70		System time (seconds): 0.52			      |		System time (seconds): 0.44
    72		Elapsed (wall clock) time (h:mm:ss or m:ss): 0:26.36  |		Elapsed (wall clock) time (h:mm:ss or m:ss): 0:26.10
    77		Maximum resident set size (kbytes): 196837376	      |		Maximum resident set size (kbytes): 74104832
    80		Minor (reclaiming a frame) page faults: 12251	      |		Minor (reclaiming a frame) page faults: 8855
    82		Involuntary context switches: 56161		      |		Involuntary context switches: 52914
